// Jest Snapshot v1, https://goo.gl/fbAQLP

exports[`TableLayout should match snapshot 1`] = `
<div
  className="mt-4"
>
  <table
    className="table table-hover"
  >
    <thead>
      <tr>
        <li>
          HH
        </li>
      </tr>
    </thead>
    <tbody>
      <li>
        C
      </li>
    </tbody>
  </table>
</div>
`;
